// Jest Snapshot v1, https://goo.gl/fbAQLP

exports[`extends example schema generates expected schema 1`] = `
"scalar Date

enum EN {
  ONE
  TWO
}

interface IF {
  field: String
}

input In {
  test: String
}

input MyInput {
  booleanWithDefault: Boolean = false
  enumWithDefault: EN = TWO
  id: ID!
  idWithDefault: ID = 123
  ids: [ID!]!
  idsWithDefault: [ID!] = [123, 456]
  stringWithDefault: String = "default string"
}

input MyOtherInput {
  booleanWithDefault: Boolean = false
}

type Obj {
  field: String
}

type Query {
  test(arg1: String, myInput: MyInput, myOtherInput: MyOtherInput = {}): String
}

union UN = Obj"
`;
