// Vitest Snapshot v1, https://vitest.dev/guide/snapshot.html

exports[`simple objects example schema > generates expected schema 1`] = `
"type ContactInfo {
  email: String!
  phoneNumber: String
}

interface Node {
  id: ID!
}

type Query {
  user(id: ID!): User
}

type User implements Node {
  contactInfo: ContactInfo!
  firstName: String
  fullName: String
  id: ID!
  lastName: String
}"
`;

exports[`simple objects example schema > queries > query some stuff 1`] = `
{
  "data": {
    "user": {
      "contactInfo": {
        "email": "michael.hayes@example.com",
        "phoneNumber": null,
      },
      "firstName": "Michael",
      "fullName": "Michael Hayes",
      "id": "1",
      "lastName": "Hayes",
    },
  },
}
`;
