// Vitest Snapshot v1, https://vitest.dev/guide/snapshot.html

exports[`example schema > generates expected schema 1`] = `
"type Comment {
  author: User
  comment: String
  id: ID
  post: Post
}

type Post {
  author: User
  comments: [Comment!]
  content: String
  id: ID
  title: String
}

type Query {
  post(id: ID!): Post
  posts(skip: Int, take: Int): [Post!]
  user(id: ID!): User
}

type User {
  comments: [Comment!]
  firstName: String
  fullName: String
  id: ID
  lastName: String
  posts: [Post!]
}"
`;
