// Vitest Snapshot v1, https://vitest.dev/guide/snapshot.html

exports[`patterns example > generates expected schema 1`] = `
"type A {
  b: B
}

type B {
  a: A
}

input InputWithCommonFields1 {
  id: ID
  reason: String
}

input InputWithCommonFields2 {
  id: ID
  reason: String
}

type Mutation {
  mutation1(id: ID, reason: String): Boolean
  mutation2(id: ID, reason: String): Boolean
}

type Query {
  circular: A
  query: Query
}

type WithCommonFields1 {
  id: ID
  idLength: Int
}

type WithCommonFields2 {
  id: ID
  idLength: Int
}"
`;
