// Vitest Snapshot v1, https://vitest.dev/guide/snapshot.html

exports[`plugin example > generates expected schema 1`] = `
"type Query {
  args(input: TestInput, notRemoved: Boolean, testEnum: TestEnum): Boolean
  notRemoved: Boolean
}

enum TestEnum {
  DONT_REMOVE
}

input TestInput {
  notRemoved: Boolean
}

interface TestInterface {
  boolean: Boolean
  booleanList: [Boolean!]
  booleanListWithOptions: [Boolean!]
  booleanWithOptions: Boolean
  float: Float
  floatList: [Float!]
  floatListWithOptions: [Float!]
  floatWithOptions: Float
  id: ID
  idList: [ID!]
  idListWithOptions: [ID!]
  idWithOptions: ID
  int: Int
  intList: [Int!]
  intListWithOptions: [Int!]
  intWithOptions: Int
  string: String
  stringList: [String!]
  stringListWithOptions: [String!]
  stringWithOptions: String
}

type TestObject {
  boolean: Boolean
  booleanList: [Boolean!]
  float: Float
  floatList: [Float!]
  id: ID
  idList: [ID!]
  int: Int
  intList: [Int!]
  string: String
  stringList: [String!]
}"
`;
