// Vitest Snapshot v1, https://vitest.dev/guide/snapshot.html

exports[`starwars example > generates expected schema 1`] = `
"interface Character {
  """Which movies they appear in."""
  appearsIn: [Episode!]

  """The friends of the character, or an empty list if they have none."""
  friends: [Character]!

  """The id of the character"""
  id: ID

  """The name of the character"""
  name: String
}

"""A mechanical creature in the Star Wars universe."""
type Droid implements Character {
  """Which movies they appear in."""
  appearsIn: [Episode!]

  """The friends of the character, or an empty list if they have none."""
  friends: [Character]!

  """The id of the character"""
  id: ID

  """The name of the character"""
  name: String

  """The primary function of the droid."""
  primaryFunction: String
}

"""One of the films in the Star Wars Trilogy"""
enum Episode {
  """Released in 1980."""
  EMPIRE

  """Released in 1983"""
  JEDI

  """Released in 1977."""
  NEWHOPE
}

"""A humanoid creature in the Star Wars universe."""
type Human implements Character {
  """Which movies they appear in."""
  appearsIn: [Episode!]

  """The friends of the character, or an empty list if they have none."""
  friends: [Character]!

  """The home planet of the human, or null if unknown."""
  homePlanet: String

  """The id of the character"""
  id: ID

  """The name of the character"""
  name: String
}

type Query {
  droid(
    """id of the character"""
    id: ID!
  ): Droid
  hero(
    """
    If omitted, returns the hero of the whole saga. If provided, returns the hero of that particular episode.
    """
    episode: Episode!
  ): Character
  human(
    """id of the character"""
    id: ID!
  ): Human
  r2d2: Droid
}"
`;

exports[`starwars example > queries > query some stuff 1`] = `
{
  "data": {
    "droid": {
      "friends": [
        {
          "appearsIn": [
            "NEWHOPE",
            "EMPIRE",
            "JEDI",
          ],
          "homePlanet": "Tatooine",
          "name": "Luke Skywalker",
        },
        {
          "appearsIn": [
            "NEWHOPE",
            "EMPIRE",
            "JEDI",
          ],
          "homePlanet": null,
          "name": "Han Solo",
        },
        {
          "appearsIn": [
            "NEWHOPE",
            "EMPIRE",
            "JEDI",
          ],
          "homePlanet": "Alderaan",
          "name": "Leia Organa",
        },
      ],
      "name": "R2-D2",
      "primaryFunction": "Astromech",
    },
    "hero": {
      "name": "R2-D2",
    },
    "human": {
      "friends": [
        {
          "appearsIn": [
            "NEWHOPE",
          ],
          "name": "Wilhuff Tarkin",
        },
      ],
      "homePlanet": "Tatooine",
      "name": "Darth Vader",
    },
    "r2d2": {
      "name": "R2-D2",
    },
  },
}
`;
